Archive member included because of file (symbol)

/opt/Freescale/KDS_v3/toolchain/bin/../lib/gcc/arm-none-eabi/4.8.4/armv6-m/libgcc.a(_udivsi3.o)
                              ./Generated_Code/UTIL1.o (__aeabi_uidiv)
/opt/Freescale/KDS_v3/toolchain/bin/../lib/gcc/arm-none-eabi/4.8.4/armv6-m/libgcc.a(_divsi3.o)
                              ./Generated_Code/UTIL1.o (__aeabi_idiv)
/opt/Freescale/KDS_v3/toolchain/bin/../lib/gcc/arm-none-eabi/4.8.4/armv6-m/libgcc.a(_dvmd_tls.o)
                              /opt/Freescale/KDS_v3/toolchain/bin/../lib/gcc/arm-none-eabi/4.8.4/armv6-m/libgcc.a(_udivsi3.o) (__aeabi_idiv0)
/opt/Freescale/KDS_v3/toolchain/bin/../lib/gcc/arm-none-eabi/4.8.4/armv6-m/libgcc.a(_arm_cmpsf2.o)
                              ./Generated_Code/UTIL1.o (__aeabi_fcmplt)
/opt/Freescale/KDS_v3/toolchain/bin/../lib/gcc/arm-none-eabi/4.8.4/armv6-m/libgcc.a(_fixunssfsi.o)
                              ./Generated_Code/UTIL1.o (__aeabi_f2uiz)
/opt/Freescale/KDS_v3/toolchain/bin/../lib/gcc/arm-none-eabi/4.8.4/armv6-m/libgcc.a(eqsf2.o)
                              /opt/Freescale/KDS_v3/toolchain/bin/../lib/gcc/arm-none-eabi/4.8.4/armv6-m/libgcc.a(_arm_cmpsf2.o) (__eqsf2)
/opt/Freescale/KDS_v3/toolchain/bin/../lib/gcc/arm-none-eabi/4.8.4/armv6-m/libgcc.a(gesf2.o)
                              /opt/Freescale/KDS_v3/toolchain/bin/../lib/gcc/arm-none-eabi/4.8.4/armv6-m/libgcc.a(_arm_cmpsf2.o) (__gesf2)
/opt/Freescale/KDS_v3/toolchain/bin/../lib/gcc/arm-none-eabi/4.8.4/armv6-m/libgcc.a(lesf2.o)
                              /opt/Freescale/KDS_v3/toolchain/bin/../lib/gcc/arm-none-eabi/4.8.4/armv6-m/libgcc.a(_arm_cmpsf2.o) (__lesf2)
/opt/Freescale/KDS_v3/toolchain/bin/../lib/gcc/arm-none-eabi/4.8.4/armv6-m/libgcc.a(mulsf3.o)
                              ./Generated_Code/UTIL1.o (__aeabi_fmul)
/opt/Freescale/KDS_v3/toolchain/bin/../lib/gcc/arm-none-eabi/4.8.4/armv6-m/libgcc.a(subsf3.o)
                              ./Generated_Code/UTIL1.o (__aeabi_fsub)
/opt/Freescale/KDS_v3/toolchain/bin/../lib/gcc/arm-none-eabi/4.8.4/armv6-m/libgcc.a(fixsfsi.o)
                              ./Generated_Code/UTIL1.o (__aeabi_f2iz)
/opt/Freescale/KDS_v3/toolchain/bin/../lib/gcc/arm-none-eabi/4.8.4/armv6-m/libgcc.a(floatunsisf.o)
                              ./Generated_Code/UTIL1.o (__aeabi_ui2f)
/opt/Freescale/KDS_v3/toolchain/bin/../lib/gcc/arm-none-eabi/4.8.4/armv6-m/libgcc.a(_clzsi2.o)
                              /opt/Freescale/KDS_v3/toolchain/bin/../lib/gcc/arm-none-eabi/4.8.4/armv6-m/libgcc.a(mulsf3.o) (__clzsi2)
/opt/Freescale/KDS_v3/toolchain/bin/../lib/gcc/arm-none-eabi/4.8.4/../../../../arm-none-eabi/lib/armv6-m/libg_s.a(lib_a-exit.o)
                              /opt/Freescale/KDS_v3/toolchain/bin/../lib/gcc/arm-none-eabi/4.8.4/../../../../arm-none-eabi/lib/armv6-m/crt0.o (exit)
/opt/Freescale/KDS_v3/toolchain/bin/../lib/gcc/arm-none-eabi/4.8.4/../../../../arm-none-eabi/lib/armv6-m/libg_s.a(lib_a-impure.o)
                              /opt/Freescale/KDS_v3/toolchain/bin/../lib/gcc/arm-none-eabi/4.8.4/../../../../arm-none-eabi/lib/armv6-m/libg_s.a(lib_a-exit.o) (_global_impure_ptr)
/opt/Freescale/KDS_v3/toolchain/bin/../lib/gcc/arm-none-eabi/4.8.4/../../../../arm-none-eabi/lib/armv6-m/libg_s.a(lib_a-init.o)
                              /opt/Freescale/KDS_v3/toolchain/bin/../lib/gcc/arm-none-eabi/4.8.4/../../../../arm-none-eabi/lib/armv6-m/crt0.o (__libc_init_array)
/opt/Freescale/KDS_v3/toolchain/bin/../lib/gcc/arm-none-eabi/4.8.4/../../../../arm-none-eabi/lib/armv6-m/libg_s.a(lib_a-memcpy-stub.o)
                              ./Generated_Code/queue.o (memcpy)
/opt/Freescale/KDS_v3/toolchain/bin/../lib/gcc/arm-none-eabi/4.8.4/../../../../arm-none-eabi/lib/armv6-m/libg_s.a(lib_a-memset.o)
                              /opt/Freescale/KDS_v3/toolchain/bin/../lib/gcc/arm-none-eabi/4.8.4/../../../../arm-none-eabi/lib/armv6-m/crt0.o (memset)
/opt/Freescale/KDS_v3/toolchain/bin/../lib/gcc/arm-none-eabi/4.8.4/../../../../arm-none-eabi/lib/armv6-m/libg_s.a(lib_a-rand.o)
                              ./Generated_Code/UTIL1.o (srand)
/opt/Freescale/KDS_v3/toolchain/bin/../lib/gcc/arm-none-eabi/4.8.4/../../../../arm-none-eabi/lib/armv6-m/libg_s.a(lib_a-strchr.o)
                              ./Generated_Code/UTIL1.o (strchr)
/opt/Freescale/KDS_v3/toolchain/bin/../lib/gcc/arm-none-eabi/4.8.4/../../../../arm-none-eabi/lib/armv6-m/libg_s.a(lib_a-strlen.o)
                              ./Generated_Code/UTIL1.o (strlen)
/opt/Freescale/KDS_v3/toolchain/bin/../lib/gcc/arm-none-eabi/4.8.4/../../../../arm-none-eabi/lib/armv6-m/libg_s.a(lib_a-strncmp.o)
                              ./Generated_Code/UTIL1.o (strncmp)
/opt/Freescale/KDS_v3/toolchain/bin/../lib/gcc/arm-none-eabi/4.8.4/../../../../arm-none-eabi/lib/armv6-m/libg_s.a(lib_a-malloc.o)
                              /opt/Freescale/KDS_v3/toolchain/bin/../lib/gcc/arm-none-eabi/4.8.4/../../../../arm-none-eabi/lib/armv6-m/libg_s.a(lib_a-rand.o) (malloc)
[...]
Memory Configuration

Name             Origin             Length             Attributes
m_interrupts     0x00000000         0x000000c0         xr
m_text           0x00000410         0x0001fbf0         xr
m_data           0x1ffff000         0x00004000         rw
m_cfmprotrom     0x00000400         0x00000010         xr
*default*        0x00000000         0xffffffff

Linker script and memory map

LOAD /opt/Freescale/KDS_v3/toolchain/bin/../lib/gcc/arm-none-eabi/4.8.4/armv6-m/crti.o
LOAD /opt/Freescale/KDS_v3/toolchain/bin/../lib/gcc/arm-none-eabi/4.8.4/armv6-m/crtbegin.o
LOAD /opt/Freescale/KDS_v3/toolchain/bin/../lib/gcc/arm-none-eabi/4.8.4/../../../../arm-none-eabi/lib/armv6-m/crt0.o
LOAD ./Sources/Events.o
LOAD ./Sources/HMI.o
LOAD ./Sources/frtos_tasks.o
LOAD ./Sources/main.o
LOAD ./Project_Settings/Startup_Code/startup.o
LOAD ./Generated_Code/BitIoLdd1.o
LOAD ./Generated_Code/BitIoLdd2.o
LOAD ./Generated_Code/BitIoLdd3.o
LOAD ./Generated_Code/Cpu.o
LOAD ./Generated_Code/FRTOS1.o
LOAD ./Generated_Code/LED_Blue.o
LOAD ./Generated_Code/LED_Green.o
LOAD ./Generated_Code/LED_Red.o
LOAD ./Generated_Code/MCUC1.o
LOAD ./Generated_Code/PE_LDD.o
LOAD ./Generated_Code/TSK1.o
LOAD ./Generated_Code/UTIL1.o
LOAD ./Generated_Code/Vectors.o
LOAD ./Generated_Code/croutine.o
LOAD ./Generated_Code/event_groups.o
LOAD ./Generated_Code/heap_1.o
LOAD ./Generated_Code/heap_2.o
LOAD ./Generated_Code/heap_3.o
LOAD ./Generated_Code/heap_4.o
LOAD ./Generated_Code/heap_5.o
LOAD ./Generated_Code/heap_useNewlib.o
LOAD ./Generated_Code/list.o
LOAD ./Generated_Code/mpu_wrappers.o
LOAD ./Generated_Code/port.o
LOAD ./Generated_Code/queue.o
LOAD ./Generated_Code/tasks.o
LOAD ./Generated_Code/timers.o
LOAD /opt/Freescale/KDS_v3/toolchain/bin/../lib/gcc/arm-none-eabi/4.8.4/../../../../arm-none-eabi/lib/armv6-m/libstdc++_s.a
LOAD /opt/Freescale/KDS_v3/toolchain/bin/../lib/gcc/arm-none-eabi/4.8.4/../../../../arm-none-eabi/lib/armv6-m/libm.a
START GROUP
LOAD /opt/Freescale/KDS_v3/toolchain/bin/../lib/gcc/arm-none-eabi/4.8.4/armv6-m/libgcc.a
LOAD /opt/Freescale/KDS_v3/toolchain/bin/../lib/gcc/arm-none-eabi/4.8.4/../../../../arm-none-eabi/lib/armv6-m/libg_s.a
LOAD /opt/Freescale/KDS_v3/toolchain/bin/../lib/gcc/arm-none-eabi/4.8.4/../../../../arm-none-eabi/lib/armv6-m/libc_s.a
END GROUP
START GROUP
LOAD /opt/Freescale/KDS_v3/toolchain/bin/../lib/gcc/arm-none-eabi/4.8.4/armv6-m/libgcc.a
LOAD /opt/Freescale/KDS_v3/toolchain/bin/../lib/gcc/arm-none-eabi/4.8.4/../../../../arm-none-eabi/lib/armv6-m/libc_s.a
LOAD /opt/Freescale/KDS_v3/toolchain/bin/../lib/gcc/arm-none-eabi/4.8.4/../../../../arm-none-eabi/lib/armv6-m/libnosys.a
END GROUP
START GROUP
LOAD /opt/Freescale/KDS_v3/toolchain/bin/../lib/gcc/arm-none-eabi/4.8.4/armv6-m/libgcc.a
LOAD /opt/Freescale/KDS_v3/toolchain/bin/../lib/gcc/arm-none-eabi/4.8.4/../../../../arm-none-eabi/lib/armv6-m/libc_s.a
LOAD /opt/Freescale/KDS_v3/toolchain/bin/../lib/gcc/arm-none-eabi/4.8.4/../../../../arm-none-eabi/lib/armv6-m/libnosys.a
END GROUP
LOAD /opt/Freescale/KDS_v3/toolchain/bin/../lib/gcc/arm-none-eabi/4.8.4/armv6-m/crtend.o
LOAD /opt/Freescale/KDS_v3/toolchain/bin/../lib/gcc/arm-none-eabi/4.8.4/armv6-m/crtn.o
                0x20003000                _estack = 0x20003000
                0x20003000                __SP_INIT = _estack
                0x20003000                __stack = _estack
                0x00000000                __heap_size = 0x0
                0x00000400                __stack_size = 0x400

.interrupts     0x00000000       0xc0
                0x00000000                __vector_table = .
                0x00000000                . = ALIGN (0x4)
 *(.vectortable)
 .vectortable   0x00000000       0xc0 ./Generated_Code/Vectors.o
                0x00000000                __vect_table
                0x000000c0                . = ALIGN (0x4)

.cfmprotect     0x00000400       0x10
                0x00000400                . = ALIGN (0x4)
 *(.cfmconfig)
 .cfmconfig     0x00000400       0x10 ./Generated_Code/Cpu.o
                0x00000400                _cfm
                0x00000410                . = ALIGN (0x4)

.text           0x00000410     0x15fc
                0x00000410                . = ALIGN (0x4)
 *(.text)
 .text          0x00000410       0x60 /opt/Freescale/KDS_v3/toolchain/bin/../lib/gcc/arm-none-eabi/4.8.4/armv6-m/crtbegin.o
 .text          0x00000470       0x78 /opt/Freescale/KDS_v3/toolchain/bin/../lib/gcc/arm-none-eabi/4.8.4/../../../../arm-none-eabi/lib/armv6-m/crt0.o
                0x00000470                _mainCRTStartup
                0x00000470                _start
 *(.text*)
 .text.FRTOS1_vApplicationStackOverflowHook
                0x000004e8       0x10 ./Sources/Events.o
                0x000004e8                FRTOS1_vApplicationStackOverflowHook
 .text.FRTOS1_vApplicationTickHook
                0x000004f8        0x8 ./Sources/Events.o
                0x000004f8                FRTOS1_vApplicationTickHook
 .text.FRTOS1_vApplicationIdleHook
                0x00000500        0x8 ./Sources/Events.o
                0x00000500                FRTOS1_vApplicationIdleHook
 .text.FRTOS1_vApplicationMallocFailedHook
                0x00000508        0x8 ./Sources/Events.o
                0x00000508                FRTOS1_vApplicationMallocFailedHook
 .text.Cpu_OnNMIINT
                0x00000510        0x8 ./Sources/Events.o
                0x00000510                Cpu_OnNMIINT
 .text.setLed   0x00000518       0xd8 ./Sources/HMI.o
                0x00000518                setLed
 .text.HMITask  0x000005f0       0x30 ./Sources/frtos_tasks.o
 .text.CreateTasks
                0x00000620       0x38 ./Sources/frtos_tasks.o
                0x00000620                CreateTasks
 .text.main     0x00000658       0x10 ./Sources/main.o
                0x00000658                main
 .text.__copy_rom_section
                0x00000668       0xd8 ./Project_Settings/Startup_Code/startup.o
                0x00000668                __copy_rom_section
 .text.__copy_rom_sections_to_ram
                0x00000740       0x98 ./Project_Settings/Startup_Code/startup.o
                0x00000740                __copy_rom_sections_to_ram
 .text.__init_registers
                0x000007d8        0x8 ./Project_Settings/Startup_Code/startup.o
                0x000007d8                __init_registers
 .text.__init_user
                0x000007e0        0x8 ./Project_Settings/Startup_Code/startup.o
                0x000007e0                __init_user
 .text.__thumb_startup
                0x000007e8       0x30 ./Project_Settings/Startup_Code/startup.o
                0x000007e8                __thumb_startup
 .text.BitIoLdd1_Init
                0x00000818       0x68 ./Generated_Code/BitIoLdd1.o
                0x00000818                BitIoLdd1_Init
 .text.BitIoLdd1_PutVal
                0x00000880       0x34 ./Generated_Code/BitIoLdd1.o
                0x00000880                BitIoLdd1_PutVal
 .text.BitIoLdd2_Init
                0x000008b4       0x68 ./Generated_Code/BitIoLdd2.o
                0x000008b4                BitIoLdd2_Init
 .text.BitIoLdd2_PutVal
                0x0000091c       0x34 ./Generated_Code/BitIoLdd2.o
                0x0000091c                BitIoLdd2_PutVal
 .text.BitIoLdd3_Init
                0x00000950       0x60 ./Generated_Code/BitIoLdd3.o
                0x00000950                BitIoLdd3_Init
 .text.BitIoLdd3_PutVal
                0x000009b0       0x30 ./Generated_Code/BitIoLdd3.o
                0x000009b0                BitIoLdd3_PutVal
 .text.Cpu_INT_NMIInterrupt
                0x000009e0        0xc ./Generated_Code/Cpu.o
                0x000009e0                Cpu_INT_NMIInterrupt
 .text.Cpu_Interrupt
                0x000009ec        0xc ./Generated_Code/Cpu.o
                0x000009ec                Cpu_Interrupt
 .text.__init_hardware
                0x000009f8      0x110 ./Generated_Code/Cpu.o
                0x000009f8                __init_hardware
 .text.PE_low_level_init
                0x00000b08       0xe0 ./Generated_Code/Cpu.o
                0x00000b08                PE_low_level_init
 .text.FRTOS1_Init
                0x00000be8       0x10 ./Generated_Code/FRTOS1.o
                0x00000be8                FRTOS1_Init
 .text.TSK1_CreateTasks
                0x00000bf8        0xc ./Generated_Code/TSK1.o
                0x00000bf8                TSK1_CreateTasks
 .text.pvPortMalloc
                0x00000c04      0x124 ./Generated_Code/heap_2.o
                0x00000c04                pvPortMalloc
 .text.vPortFree
                0x00000d28       0x70 ./Generated_Code/heap_2.o
                0x00000d28                vPortFree
 .text.prvHeapInit
                0x00000d98       0x4c ./Generated_Code/heap_2.o
 .text.vListInitialise
                0x00000de4       0x3c ./Generated_Code/list.o
                0x00000de4                vListInitialise
 .text.vListInitialiseItem
                0x00000e20       0x14 ./Generated_Code/list.o
                0x00000e20                vListInitialiseItem
 .text.vListInsertEnd
                0x00000e34       0x44 ./Generated_Code/list.o
                0x00000e34                vListInsertEnd
 .text.vListInsert
                0x00000e78       0x6c ./Generated_Code/list.o
                0x00000e78                vListInsert
 .text.uxListRemove
                0x00000ee4       0x50 ./Generated_Code/list.o
                0x00000ee4                uxListRemove
 .text.pxPortInitialiseStack
                0x00000f34       0x50 ./Generated_Code/port.o
                0x00000f34                pxPortInitialiseStack
 .text.vPortInitTickTimer
                0x00000f84       0x44 ./Generated_Code/port.o
                0x00000f84                vPortInitTickTimer
 .text.vPortStartTickTimer
                0x00000fc8       0x14 ./Generated_Code/port.o
                0x00000fc8                vPortStartTickTimer
 .text.vPortStopTickTimer
                0x00000fdc       0x14 ./Generated_Code/port.o
                0x00000fdc                vPortStopTickTimer
 .text.xPortStartScheduler
                0x00000ff0       0x34 ./Generated_Code/port.o
                0x00000ff0                xPortStartScheduler
 .text.vPortEnterCritical
                0x00001024       0x20 ./Generated_Code/port.o
                0x00001024                vPortEnterCritical
 .text.vPortExitCritical
                0x00001044       0x20 ./Generated_Code/port.o
                0x00001044                vPortExitCritical
 .text.vPortYieldFromISR
                0x00001064       0x1c ./Generated_Code/port.o
                0x00001064                vPortYieldFromISR
 .text.vPortTickHandler
                0x00001080       0x1c ./Generated_Code/port.o
                0x00001080                vPortTickHandler
 *fill*         0x0000109c        0x4 
 .text.vPortStartFirstTask
                0x000010a0       0x40 ./Generated_Code/port.o
                0x000010a0                vPortStartFirstTask
 .text.vPortSVCHandler
                0x000010e0        0x0 ./Generated_Code/port.o
                0x000010e0                vPortSVCHandler
 .text.vPortPendSVHandler
                0x000010e0       0x44 ./Generated_Code/port.o
                0x000010e0                vPortPendSVHandler
 .text.xTaskCreate
                0x00001124       0x90 ./Generated_Code/tasks.o
                0x00001124                xTaskCreate
 .text.prvInitialiseNewTask
                0x000011b4      0x108 ./Generated_Code/tasks.o
 .text.prvAddNewTaskToReadyList
                0x000012bc       0xc4 ./Generated_Code/tasks.o
 .text.vTaskDelay
                0x00001380       0x48 ./Generated_Code/tasks.o
                0x00001380                vTaskDelay
 .text.vTaskStartScheduler
                0x000013c8       0x6c ./Generated_Code/tasks.o
                0x000013c8                vTaskStartScheduler
 .text.vTaskSuspendAll
                0x00001434       0x18 ./Generated_Code/tasks.o
                0x00001434                vTaskSuspendAll
 .text.xTaskResumeAll
                0x0000144c      0x118 ./Generated_Code/tasks.o
                0x0000144c                xTaskResumeAll
 .text.xTaskIncrementTick
                0x00001564      0x178 ./Generated_Code/tasks.o
                0x00001564                xTaskIncrementTick
 .text.vTaskSwitchContext
                0x000016dc       0xc4 ./Generated_Code/tasks.o
                0x000016dc                vTaskSwitchContext
 .text.prvIdleTask
                0x000017a0       0x24 ./Generated_Code/tasks.o
 .text.prvInitialiseTaskLists
                0x000017c4       0x7c ./Generated_Code/tasks.o
 .text.prvCheckTasksWaitingTermination
                0x00001840        0x8 ./Generated_Code/tasks.o
 .text.prvResetNextTaskUnblockTime
                0x00001848       0x44 ./Generated_Code/tasks.o
 .text.prvAddCurrentTaskToDelayedList
                0x0000188c       0xa8 ./Generated_Code/tasks.o
 .text.exit     0x00001934       0x2c /opt/Freescale/KDS_v3/toolchain/bin/../lib/gcc/arm-none-eabi/4.8.4/../../../../arm-none-eabi/lib/armv6-m/libg_s.a(lib_a-exit.o)
                0x00001934                exit
 .text.__libc_init_array
                0x00001960       0x4c /opt/Freescale/KDS_v3/toolchain/bin/../lib/gcc/arm-none-eabi/4.8.4/../../../../arm-none-eabi/lib/armv6-m/libg_s.a(lib_a-init.o)
                0x00001960                __libc_init_array
 .text.memset   0x000019ac       0x10 /opt/Freescale/KDS_v3/toolchain/bin/../lib/gcc/arm-none-eabi/4.8.4/../../../../arm-none-eabi/lib/armv6-m/libg_s.a(lib_a-memset.o)
                0x000019ac                memset
 .text._exit    0x000019bc        0x4 /opt/Freescale/KDS_v3/toolchain/bin/../lib/gcc/arm-none-eabi/4.8.4/../../../../arm-none-eabi/lib/armv6-m/libnosys.a(_exit.o)
                0x000019bc                _exit
 *(.rodata)
 .rodata        0x000019c0        0x4 ./Sources/frtos_tasks.o
 .rodata        0x000019c4        0x8 ./Generated_Code/tasks.o
 *(.rodata*)
 .rodata.setLed
                0x000019cc       0x20 ./Sources/HMI.o
 .rodata.str1.1
                0x000019ec        0x2 /opt/Freescale/KDS_v3/toolchain/bin/../lib/gcc/arm-none-eabi/4.8.4/../../../../arm-none-eabi/lib/armv6-m/libg_s.a(lib_a-impure.o)
 *fill*         0x000019ee        0x2 
 .rodata._global_impure_ptr
                0x000019f0        0x4 /opt/Freescale/KDS_v3/toolchain/bin/../lib/gcc/arm-none-eabi/4.8.4/../../../../arm-none-eabi/lib/armv6-m/libg_s.a(lib_a-impure.o)
                0x000019f0                _global_impure_ptr
 *(.glue_7)
 .glue_7        0x00000000        0x0 linker stubs
 *(.glue_7t)
 .glue_7t       0x00000000        0x0 linker stubs
 *(.eh_frame)
 .eh_frame      0x000019f4        0x0 /opt/Freescale/KDS_v3/toolchain/bin/../lib/gcc/arm-none-eabi/4.8.4/armv6-m/crtbegin.o
 *(.init)
 .init          0x000019f4        0x4 /opt/Freescale/KDS_v3/toolchain/bin/../lib/gcc/arm-none-eabi/4.8.4/armv6-m/crti.o
                0x000019f4                _init
 .init          0x000019f8        0x8 /opt/Freescale/KDS_v3/toolchain/bin/../lib/gcc/arm-none-eabi/4.8.4/armv6-m/crtn.o
 *(.fini)
 .fini          0x00001a00        0x4 /opt/Freescale/KDS_v3/toolchain/bin/../lib/gcc/arm-none-eabi/4.8.4/armv6-m/crti.o
                0x00001a00                _fini
 .fini          0x00001a04        0x8 /opt/Freescale/KDS_v3/toolchain/bin/../lib/gcc/arm-none-eabi/4.8.4/armv6-m/crtn.o
                0x00001a0c                . = ALIGN (0x4)
                0x00001a0c                _etext = .

.vfp11_veneer   0x00001a0c        0x0
 .vfp11_veneer  0x00000000        0x0 linker stubs

.v4_bx          0x00001a0c        0x0
 .v4_bx         0x00000000        0x0 linker stubs

.iplt           0x00001a0c        0x0
 .iplt          0x00000000        0x0 /opt/Freescale/KDS_v3/toolchain/bin/../lib/gcc/arm-none-eabi/4.8.4/armv6-m/crtbegin.o

.ARM.extab
 *(.ARM.extab* .gnu.linkonce.armextab.*)

.ARM            0x00001a0c        0x8
                0x00001a0c                __exidx_start = .
 *(.ARM.exidx*)
 .ARM.exidx     0x00001a0c        0x8 /opt/Freescale/KDS_v3/toolchain/bin/../lib/gcc/arm-none-eabi/4.8.4/../../../../arm-none-eabi/lib/armv6-m/crt0.o
                0x00001a14                __exidx_end = .

.rel.dyn        0x00001a14        0x0
 .rel.iplt      0x00000000        0x0 /opt/Freescale/KDS_v3/toolchain/bin/../lib/gcc/arm-none-eabi/4.8.4/armv6-m/crtbegin.o

.ctors          0x00001a14        0x0
                0x00001a14                __CTOR_LIST__ = .
 *crtbegin.o(.ctors)
 *(EXCLUDE_FILE(*crtend.o) .ctors)
 *(SORT(.ctors.*))
 *(.ctors)
                0x00001a14                __CTOR_END__ = .

.dtors          0x00001a14        0x0
                0x00001a14                __DTOR_LIST__ = .
 *crtbegin.o(.dtors)
 *(EXCLUDE_FILE(*crtend.o) .dtors)
 *(SORT(.dtors.*))
 *(.dtors)
                0x00001a14                __DTOR_END__ = .

.preinit_array  0x00001a14        0x0
                0x00001a14                PROVIDE (__preinit_array_start, .)
 *(.preinit_array*)
                0x00001a14                PROVIDE (__preinit_array_end, .)

.init_array     0x00001a14        0x4
                0x00001a14                PROVIDE (__init_array_start, .)
 *(SORT(.init_array.*))
 *(.init_array*)
 .init_array    0x00001a14        0x4 /opt/Freescale/KDS_v3/toolchain/bin/../lib/gcc/arm-none-eabi/4.8.4/armv6-m/crtbegin.o
                0x00001a18                PROVIDE (__init_array_end, .)

.fini_array     0x00001a18        0x4
                0x00001a18                PROVIDE (__fini_array_start, .)
 *(SORT(.fini_array.*))
 *(.fini_array*)
 .fini_array    0x00001a18        0x4 /opt/Freescale/KDS_v3/toolchain/bin/../lib/gcc/arm-none-eabi/4.8.4/armv6-m/crtbegin.o
                0x00001a1c                PROVIDE (__fini_array_end, .)
                0x00001a1c                ___ROM_AT = .

.mtb            0x1ffff000        0x0
                0x1ffff000                . = ALIGN (0x8)
                0x1ffff000                _mtb_start = .
 *(.mtb_buf)
                0x1ffff000                . = ALIGN (0x8)
                0x1ffff000                _mtb_end = .

.data           0x1ffff000       0x6c load address 0x00001a1c
                0x1ffff000                . = ALIGN (0x4)
                0x1ffff000                _sdata = .
 *(.data)
 *(.data*)
 .data.red      0x1ffff000        0x1 ./Sources/HMI.o
                0x1ffff000                red
 .data.green    0x1ffff001        0x1 ./Sources/HMI.o
                0x1ffff001                green
 .data.blue     0x1ffff002        0x1 ./Sources/HMI.o
                0x1ffff002                blue
 *fill*         0x1ffff003        0x1 
 .data.xFreeBytesRemaining
                0x1ffff004        0x4 ./Generated_Code/heap_2.o
 .data.uxCriticalNesting
                0x1ffff008        0x4 ./Generated_Code/port.o
 .data.impure_data
                0x1ffff00c       0x60 /opt/Freescale/KDS_v3/toolchain/bin/../lib/gcc/arm-none-eabi/4.8.4/../../../../arm-none-eabi/lib/armv6-m/libg_s.a(lib_a-impure.o)
                0x1ffff06c                . = ALIGN (0x4)
                0x1ffff06c                _edata = .
                0x0000006c                ___data_size = (_edata - _sdata)

.jcr            0x1ffff06c        0x0 load address 0x00001a88
 .jcr           0x1ffff06c        0x0 /opt/Freescale/KDS_v3/toolchain/bin/../lib/gcc/arm-none-eabi/4.8.4/armv6-m/crtbegin.o

.igot.plt       0x1ffff06c        0x0 load address 0x00001a88
 .igot.plt      0x00000000        0x0 /opt/Freescale/KDS_v3/toolchain/bin/../lib/gcc/arm-none-eabi/4.8.4/armv6-m/crtbegin.o
                0x1ffff06c                . = ALIGN (0x4)

.bss            0x1ffff06c     0x3b18 load address 0x00001a88
                0x1ffff06c                __START_BSS = .
                0x1ffff06c                PROVIDE (__bss_start__, __START_BSS)
 *(.bss)
 .bss           0x1ffff06c       0x1c /opt/Freescale/KDS_v3/toolchain/bin/../lib/gcc/arm-none-eabi/4.8.4/armv6-m/crtbegin.o
 *(.bss*)
 .bss.DeviceDataPrv__DEFAULT_RTOS_ALLOC
                0x1ffff088        0x4 ./Generated_Code/BitIoLdd1.o
 .bss.DeviceDataPrv__DEFAULT_RTOS_ALLOC
                0x1ffff08c        0x4 ./Generated_Code/BitIoLdd2.o
 .bss.DeviceDataPrv__DEFAULT_RTOS_ALLOC
                0x1ffff090        0x4 ./Generated_Code/BitIoLdd3.o
 .bss.PE_LDD_DeviceDataList
                0x1ffff094        0xc ./Generated_Code/PE_LDD.o
                0x1ffff094                PE_LDD_DeviceDataList
 .bss.ucHeap    0x1ffff0a0     0x39d0 ./Generated_Code/heap_2.o
 .bss.xStart    0x20002a70        0x8 ./Generated_Code/heap_2.o
 .bss.xEnd      0x20002a78        0x8 ./Generated_Code/heap_2.o
 .bss.xHeapHasBeenInitialised.6178
                0x20002a80        0x4 ./Generated_Code/heap_2.o
 .bss.pxCurrentTCB
                0x20002a84        0x4 ./Generated_Code/tasks.o
                0x20002a84                pxCurrentTCB
 .bss.pxReadyTasksLists
                0x20002a88       0x78 ./Generated_Code/tasks.o
 .bss.xDelayedTaskList1
                0x20002b00       0x14 ./Generated_Code/tasks.o
 .bss.xDelayedTaskList2
                0x20002b14       0x14 ./Generated_Code/tasks.o
 .bss.pxDelayedTaskList
                0x20002b28        0x4 ./Generated_Code/tasks.o
 .bss.pxOverflowDelayedTaskList
                0x20002b2c        0x4 ./Generated_Code/tasks.o
 .bss.xPendingReadyList
                0x20002b30       0x14 ./Generated_Code/tasks.o
 .bss.xSuspendedTaskList
                0x20002b44       0x14 ./Generated_Code/tasks.o
 .bss.uxCurrentNumberOfTasks
                0x20002b58        0x4 ./Generated_Code/tasks.o
 .bss.xTickCount
                0x20002b5c        0x4 ./Generated_Code/tasks.o
 .bss.uxTopReadyPriority
                0x20002b60        0x4 ./Generated_Code/tasks.o
 .bss.xSchedulerRunning
                0x20002b64        0x4 ./Generated_Code/tasks.o
 .bss.uxPendedTicks
                0x20002b68        0x4 ./Generated_Code/tasks.o
 .bss.xYieldPending
                0x20002b6c        0x4 ./Generated_Code/tasks.o
 .bss.xNumOfOverflows
                0x20002b70        0x4 ./Generated_Code/tasks.o
 .bss.uxTaskNumber
                0x20002b74        0x4 ./Generated_Code/tasks.o
 .bss.xNextTaskUnblockTime
                0x20002b78        0x4 ./Generated_Code/tasks.o
 .bss.xIdleTaskHandle
                0x20002b7c        0x4 ./Generated_Code/tasks.o
 .bss.uxSchedulerSuspended
                0x20002b80        0x4 ./Generated_Code/tasks.o
 *(COMMON)
                0x20002b84                . = ALIGN (0x4)
                0x20002b84                __END_BSS = .
                0x20002b84                PROVIDE (__bss_end__, __END_BSS)
                0x00001a88                _romp_at = (___ROM_AT + SIZEOF (.data))

.romp           0x20002b84       0x18 load address 0x00001a88
                0x00001a88                __S_romp = _romp_at
                0x20002b84        0x4 LONG 0x1a1c ___ROM_AT
                0x20002b88        0x4 LONG 0x1ffff000 _sdata
                0x20002b8c        0x4 LONG 0x6c ___data_size
                0x20002b90        0x4 LONG 0x0
                0x20002b94        0x4 LONG 0x0
                0x20002b98        0x4 LONG 0x0
                0x00020000                text_end = (ORIGIN (m_text) + 0x1fbf0)
                0x00001aa0                data_init_end = ((___ROM_AT + SIZEOF (.data)) + SIZEOF (.romp))
                0x00000001                ASSERT ((data_init_end <= text_end), region m_text overflowed with text and data)

._user_heap_stack
                0x20002b9c      0x400 load address 0x00001aa0
                0x20002b9c                . = ALIGN (0x4)
                0x20002b9c                PROVIDE (end, .)
                0x20002b9c                PROVIDE (_end, .)
                0x20002b9c                PROVIDE (__end__, .)
                0x20002b9c                __heap_addr = .
                0x20002b9c                __HeapBase = .
                0x20002b9c                . = (. + __heap_size)
                0x20002b9c                __HeapLimit = .
                0x20002f9c                . = (. + __stack_size)
 *fill*         0x20002b9c      0x400 
                0x20002f9c                . = ALIGN (0x4)

.ARM.attributes
                0x00000000       0x28
 *(.ARM.attributes)
 .ARM.attributes
                0x00000000       0x1e /opt/Freescale/KDS_v3/toolchain/bin/../lib/gcc/arm-none-eabi/4.8.4/armv6-m/crti.o
 .ARM.attributes
                0x0000001e       0x2c /opt/Freescale/KDS_v3/toolchain/bin/../lib/gcc/arm-none-eabi/4.8.4/armv6-m/crtbegin.o
 .ARM.attributes
                0x0000004a       0x1b /opt/Freescale/KDS_v3/toolchain/bin/../lib/gcc/arm-none-eabi/4.8.4/../../../../arm-none-eabi/lib/armv6-m/crt0.o
 .ARM.attributes
                0x00000065       0x32 ./Sources/Events.o
 .ARM.attributes
                0x00000097       0x32 ./Sources/HMI.o
 .ARM.attributes
                0x000000c9       0x32 ./Sources/frtos_tasks.o
 .ARM.attributes
                0x000000fb       0x32 ./Sources/main.o
 .ARM.attributes
                0x0000012d       0x32 ./Project_Settings/Startup_Code/startup.o
 .ARM.attributes
                0x0000015f       0x32 ./Generated_Code/BitIoLdd1.o
 .ARM.attributes
                0x00000191       0x32 ./Generated_Code/BitIoLdd2.o
 .ARM.attributes
                0x000001c3       0x32 ./Generated_Code/BitIoLdd3.o
 .ARM.attributes
                0x000001f5       0x32 ./Generated_Code/Cpu.o
 .ARM.attributes
                0x00000227       0x32 ./Generated_Code/FRTOS1.o
 .ARM.attributes
                0x00000259       0x32 ./Generated_Code/PE_LDD.o
 .ARM.attributes
                0x0000028b       0x32 ./Generated_Code/TSK1.o
 .ARM.attributes
                0x000002bd       0x32 ./Generated_Code/Vectors.o
 .ARM.attributes
                0x000002ef       0x32 ./Generated_Code/heap_2.o
 .ARM.attributes
                0x00000321       0x32 ./Generated_Code/list.o
 .ARM.attributes
                0x00000353       0x32 ./Generated_Code/port.o
 .ARM.attributes
                0x00000385       0x32 ./Generated_Code/tasks.o
 .ARM.attributes
                0x000003b7       0x2c /opt/Freescale/KDS_v3/toolchain/bin/../lib/gcc/arm-none-eabi/4.8.4/../../../../arm-none-eabi/lib/armv6-m/libg_s.a(lib_a-exit.o)
 .ARM.attributes
                0x000003e3       0x2c /opt/Freescale/KDS_v3/toolchain/bin/../lib/gcc/arm-none-eabi/4.8.4/../../../../arm-none-eabi/lib/armv6-m/libg_s.a(lib_a-impure.o)
 .ARM.attributes
                0x0000040f       0x2c /opt/Freescale/KDS_v3/toolchain/bin/../lib/gcc/arm-none-eabi/4.8.4/../../../../arm-none-eabi/lib/armv6-m/libg_s.a(lib_a-init.o)
 .ARM.attributes
                0x0000043b       0x2c /opt/Freescale/KDS_v3/toolchain/bin/../lib/gcc/arm-none-eabi/4.8.4/../../../../arm-none-eabi/lib/armv6-m/libg_s.a(lib_a-memset.o)
 .ARM.attributes
                0x00000467       0x2c /opt/Freescale/KDS_v3/toolchain/bin/../lib/gcc/arm-none-eabi/4.8.4/../../../../arm-none-eabi/lib/armv6-m/libnosys.a(_exit.o)
 .ARM.attributes
                0x00000493       0x1e /opt/Freescale/KDS_v3/toolchain/bin/../lib/gcc/arm-none-eabi/4.8.4/armv6-m/crtn.o
OUTPUT(LP_GPRS.elf elf32-littlearm)

.debug_info     0x00000000     0x3b40
 .debug_info    0x00000000      0x10e ./Sources/Events.o
 .debug_info    0x0000010e       0xff ./Sources/HMI.o
 .debug_info    0x0000020d      0x10a ./Sources/frtos_tasks.o
 .debug_info    0x00000317       0x9a ./Sources/main.o
 .debug_info    0x000003b1      0x20a ./Project_Settings/Startup_Code/startup.o
 .debug_info    0x000005bb      0x3b6 ./Generated_Code/BitIoLdd1.o
 .debug_info    0x00000971      0x3b6 ./Generated_Code/BitIoLdd2.o
 .debug_info    0x00000d27      0x3b6 ./Generated_Code/BitIoLdd3.o
 .debug_info    0x000010dd      0x842 ./Generated_Code/Cpu.o
 .debug_info    0x0000191f       0xd5 ./Generated_Code/FRTOS1.o
 .debug_info    0x000019f4      0x251 ./Generated_Code/PE_LDD.o
 .debug_info    0x00001c45       0x96 ./Generated_Code/TSK1.o
 .debug_info    0x00001cdb      0x10e ./Generated_Code/Vectors.o
 .debug_info    0x00001de9      0x300 ./Generated_Code/heap_2.o
 .debug_info    0x000020e9      0x2a8 ./Generated_Code/list.o
 .debug_info    0x00002391      0x253 ./Generated_Code/port.o
 .debug_info    0x000025e4     0x155c ./Generated_Code/tasks.o

.debug_abbrev   0x00000000     0x1088
 .debug_abbrev  0x00000000       0x8b ./Sources/Events.o
 .debug_abbrev  0x0000008b       0xab ./Sources/HMI.o
 .debug_abbrev  0x00000136       0x8f ./Sources/frtos_tasks.o
 .debug_abbrev  0x000001c5       0x47 ./Sources/main.o
 .debug_abbrev  0x0000020c      0x11e ./Project_Settings/Startup_Code/startup.o
 .debug_abbrev  0x0000032a      0x15f ./Generated_Code/BitIoLdd1.o
 .debug_abbrev  0x00000489      0x15f ./Generated_Code/BitIoLdd2.o
 .debug_abbrev  0x000005e8      0x15f ./Generated_Code/BitIoLdd3.o
 .debug_abbrev  0x00000747      0x14f ./Generated_Code/Cpu.o
 .debug_abbrev  0x00000896       0x84 ./Generated_Code/FRTOS1.o
 .debug_abbrev  0x0000091a      0x10d ./Generated_Code/PE_LDD.o
 .debug_abbrev  0x00000a27       0x45 ./Generated_Code/TSK1.o
 .debug_abbrev  0x00000a6c       0xa4 ./Generated_Code/Vectors.o
 .debug_abbrev  0x00000b10      0x171 ./Generated_Code/heap_2.o
 .debug_abbrev  0x00000c81       0xc1 ./Generated_Code/list.o
 .debug_abbrev  0x00000d42      0x10c ./Generated_Code/port.o
 .debug_abbrev  0x00000e4e      0x23a ./Generated_Code/tasks.o

.debug_aranges  0x00000000      0x570
 .debug_aranges
                0x00000000       0x40 ./Sources/Events.o
 .debug_aranges
                0x00000040       0x20 ./Sources/HMI.o
 .debug_aranges
                0x00000060       0x28 ./Sources/frtos_tasks.o
 .debug_aranges
                0x00000088       0x20 ./Sources/main.o
 .debug_aranges
                0x000000a8       0x50 ./Project_Settings/Startup_Code/startup.o
 .debug_aranges
                0x000000f8       0x48 ./Generated_Code/BitIoLdd1.o
 .debug_aranges
                0x00000140       0x48 ./Generated_Code/BitIoLdd2.o
 .debug_aranges
                0x00000188       0x48 ./Generated_Code/BitIoLdd3.o
 .debug_aranges
                0x000001d0       0x38 ./Generated_Code/Cpu.o
 .debug_aranges
                0x00000208       0x30 ./Generated_Code/FRTOS1.o
 .debug_aranges
                0x00000238       0x30 ./Generated_Code/PE_LDD.o
 .debug_aranges
                0x00000268       0x20 ./Generated_Code/TSK1.o
 .debug_aranges
                0x00000288       0x18 ./Generated_Code/Vectors.o
 .debug_aranges
                0x000002a0       0x40 ./Generated_Code/heap_2.o
 .debug_aranges
                0x000002e0       0x40 ./Generated_Code/list.o
 .debug_aranges
                0x00000320       0x90 ./Generated_Code/port.o
 .debug_aranges
                0x000003b0      0x1c0 ./Generated_Code/tasks.o

.debug_ranges   0x00000000      0x458
 .debug_ranges  0x00000000       0x30 ./Sources/Events.o
 .debug_ranges  0x00000030       0x10 ./Sources/HMI.o
 .debug_ranges  0x00000040       0x18 ./Sources/frtos_tasks.o
 .debug_ranges  0x00000058       0x10 ./Sources/main.o
 .debug_ranges  0x00000068       0x40 ./Project_Settings/Startup_Code/startup.o
 .debug_ranges  0x000000a8       0x38 ./Generated_Code/BitIoLdd1.o
 .debug_ranges  0x000000e0       0x38 ./Generated_Code/BitIoLdd2.o
 .debug_ranges  0x00000118       0x38 ./Generated_Code/BitIoLdd3.o
 .debug_ranges  0x00000150       0x28 ./Generated_Code/Cpu.o
 .debug_ranges  0x00000178       0x20 ./Generated_Code/FRTOS1.o
 .debug_ranges  0x00000198       0x20 ./Generated_Code/PE_LDD.o
 .debug_ranges  0x000001b8       0x10 ./Generated_Code/TSK1.o
 .debug_ranges  0x000001c8       0x30 ./Generated_Code/heap_2.o
 .debug_ranges  0x000001f8       0x30 ./Generated_Code/list.o
 .debug_ranges  0x00000228       0x80 ./Generated_Code/port.o
 .debug_ranges  0x000002a8      0x1b0 ./Generated_Code/tasks.o

.debug_macro    0x00000000    0x1433a
 .debug_macro   0x00000000      0x2c5 ./Sources/Events.o
 .debug_macro   0x000002c5      0x802 ./Sources/Events.o
 .debug_macro   0x00000ac7       0x16 ./Sources/Events.o
 .debug_macro   0x00000add       0x44 ./Sources/Events.o
 .debug_macro   0x00000b21      0x209 ./Sources/Events.o
 .debug_macro   0x00000d2a     0x157d ./Sources/Events.o
 .debug_macro   0x000022a7      0x14e ./Sources/Events.o
 .debug_macro   0x000023f5       0x64 ./Sources/Events.o
 .debug_macro   0x00002459     0x6691 ./Sources/Events.o
 .debug_macro   0x00008aea       0x94 ./Sources/Events.o
 .debug_macro   0x00008b7e       0x64 ./Sources/Events.o
 .debug_macro   0x00008be2       0xe2 ./Sources/Events.o
 .debug_macro   0x00008cc4      0x260 ./Sources/Events.o
 .debug_macro   0x00008f24      0x166 ./Sources/Events.o
 .debug_macro   0x0000908a      0x168 ./Sources/Events.o
 .debug_macro   0x000091f2       0xe2 ./Sources/Events.o
 .debug_macro   0x000092d4       0x10 ./Sources/Events.o
 .debug_macro   0x000092e4       0x1f ./Sources/Events.o
 .debug_macro   0x00009303      0x36f ./Sources/Events.o
 .debug_macro   0x00009672       0xc0 ./Sources/Events.o
 .debug_macro   0x00009732       0x8c ./Sources/Events.o
 .debug_macro   0x000097be       0x94 ./Sources/Events.o
 .debug_macro   0x00009852       0x7f ./Sources/Events.o
 .debug_macro   0x000098d1       0x97 ./Sources/Events.o
 .debug_macro   0x00009968       0x19 ./Sources/Events.o
 .debug_macro   0x00009981      0x314 ./Sources/Events.o
 .debug_macro   0x00009c95       0x58 ./Sources/Events.o
 .debug_macro   0x00009ced       0x35 ./Sources/Events.o
 .debug_macro   0x00009d22       0xa3 ./Sources/Events.o
 .debug_macro   0x00009dc5       0x52 ./Sources/Events.o
 .debug_macro   0x00009e17       0x16 ./Sources/Events.o
 .debug_macro   0x00009e2d       0x43 ./Sources/Events.o
 .debug_macro   0x00009e70      0x180 ./Sources/Events.o
 .debug_macro   0x00009ff0      0x2a6 ./Sources/Events.o
 .debug_macro   0x0000a296       0x10 ./Sources/Events.o
 .debug_macro   0x0000a2a6       0x35 ./Sources/Events.o
 .debug_macro   0x0000a2db       0x19 ./Sources/Events.o
 .debug_macro   0x0000a2f4       0x94 ./Sources/Events.o
 .debug_macro   0x0000a388      0x12c ./Sources/Events.o
 .debug_macro   0x0000a4b4       0x46 ./Sources/Events.o
 .debug_macro   0x0000a4fa       0x26 ./Sources/Events.o
 .debug_macro   0x0000a520       0x4c ./Sources/Events.o
 .debug_macro   0x0000a56c       0x26 ./Sources/Events.o
 .debug_macro   0x0000a592       0x4c ./Sources/Events.o
 .debug_macro   0x0000a5de       0x26 ./Sources/Events.o
 .debug_macro   0x0000a604       0xee ./Sources/HMI.o
 .debug_macro   0x0000a6f2       0x46 ./Sources/HMI.o
 .debug_macro   0x0000a738       0x9a ./Sources/HMI.o
 .debug_macro   0x0000a7d2       0x46 ./Sources/HMI.o
 .debug_macro   0x0000a818       0x4c ./Sources/HMI.o
 .debug_macro   0x0000a864      0x17b ./Sources/frtos_tasks.o
 .debug_macro   0x0000a9df      0x2c5 ./Sources/main.o
 .debug_macro   0x0000aca4      0x121 ./Project_Settings/Startup_Code/startup.o
 .debug_macro   0x0000adc5       0x4a ./Project_Settings/Startup_Code/startup.o
 .debug_macro   0x0000ae0f       0x16 ./Project_Settings/Startup_Code/startup.o
 .debug_macro   0x0000ae25       0x22 ./Project_Settings/Startup_Code/startup.o
 .debug_macro   0x0000ae47       0x10 ./Project_Settings/Startup_Code/startup.o
 .debug_macro   0x0000ae57      0x20f ./Project_Settings/Startup_Code/startup.o
 .debug_macro   0x0000b066     0x6685 ./Project_Settings/Startup_Code/startup.o
 .debug_macro   0x000116eb      0x11e ./Generated_Code/BitIoLdd1.o
 .debug_macro   0x00011809     0x1577 ./Generated_Code/BitIoLdd1.o
 .debug_macro   0x00012d80      0x11e ./Generated_Code/BitIoLdd2.o
 .debug_macro   0x00012e9e      0x11e ./Generated_Code/BitIoLdd3.o
 .debug_macro   0x00012fbc       0x46 ./Generated_Code/BitIoLdd3.o
 .debug_macro   0x00013002      0x2d9 ./Generated_Code/Cpu.o
 .debug_macro   0x000132db      0x165 ./Generated_Code/FRTOS1.o
 .debug_macro   0x00013440       0x1c ./Generated_Code/FRTOS1.o
 .debug_macro   0x0001345c      0x299 ./Generated_Code/PE_LDD.o
 .debug_macro   0x000136f5      0x16e ./Generated_Code/TSK1.o
 .debug_macro   0x00013863      0x2d5 ./Generated_Code/Vectors.o
 .debug_macro   0x00013b38      0x1cd ./Generated_Code/heap_2.o
 .debug_macro   0x00013d05      0x192 ./Generated_Code/list.o
 .debug_macro   0x00013e97      0x20f ./Generated_Code/port.o
 .debug_macro   0x000140a6      0x284 ./Generated_Code/tasks.o
 .debug_macro   0x0001432a       0x10 ./Generated_Code/tasks.o

.debug_line     0x00000000     0x4fd2
 .debug_line    0x00000000      0x51c ./Sources/Events.o
 .debug_line    0x0000051c      0x2e5 ./Sources/HMI.o
 .debug_line    0x00000801      0x383 ./Sources/frtos_tasks.o
 .debug_line    0x00000b84      0x4d4 ./Sources/main.o
 .debug_line    0x00001058      0x3bc ./Project_Settings/Startup_Code/startup.o
 .debug_line    0x00001414      0x38c ./Generated_Code/BitIoLdd1.o
 .debug_line    0x000017a0      0x38c ./Generated_Code/BitIoLdd2.o
 .debug_line    0x00001b2c      0x38d ./Generated_Code/BitIoLdd3.o
 .debug_line    0x00001eb9      0x648 ./Generated_Code/Cpu.o
 .debug_line    0x00002501      0x342 ./Generated_Code/FRTOS1.o
 .debug_line    0x00002843      0x4ef ./Generated_Code/PE_LDD.o
 .debug_line    0x00002d32      0x35c ./Generated_Code/TSK1.o
 .debug_line    0x0000308e      0x5d8 ./Generated_Code/Vectors.o
 .debug_line    0x00003666      0x3ef ./Generated_Code/heap_2.o
 .debug_line    0x00003a55      0x3aa ./Generated_Code/list.o
 .debug_line    0x00003dff      0x40e ./Generated_Code/port.o
 .debug_line    0x0000420d      0xdc5 ./Generated_Code/tasks.o

.debug_str      0x00000000    0x3a4c7
 .debug_str     0x00000000    0x3788d ./Sources/Events.o
                              0x37d9d (size before relaxing)
 .debug_str     0x0003788d       0xb3 ./Sources/HMI.o
                              0x2d1cf (size before relaxing)
 .debug_str     0x00037940       0x56 ./Sources/frtos_tasks.o
                              0x344b1 (size before relaxing)
 .debug_str     0x00037996       0x17 ./Sources/main.o
                              0x37cf3 (size before relaxing)
 .debug_str     0x000379ad      0x1a6 ./Project_Settings/Startup_Code/startup.o
                              0x27302 (size before relaxing)
 .debug_str     0x00037b53      0x1b8 ./Generated_Code/BitIoLdd1.o
                              0x30664 (size before relaxing)
 .debug_str     0x00037d0b       0xb1 ./Generated_Code/BitIoLdd2.o
                              0x30664 (size before relaxing)
 .debug_str     0x00037dbc       0xb1 ./Generated_Code/BitIoLdd3.o
                              0x3065e (size before relaxing)
 .debug_str     0x00037e6d      0x2b5 ./Generated_Code/Cpu.o
                              0x37fff (size before relaxing)
 .debug_str     0x00038122       0xf4 ./Generated_Code/FRTOS1.o
                              0x344c9 (size before relaxing)
 .debug_str     0x00038216      0x17e ./Generated_Code/PE_LDD.o
                              0x37eb3 (size before relaxing)
 .debug_str     0x00038394       0x2a ./Generated_Code/TSK1.o
                              0x34406 (size before relaxing)
 .debug_str     0x000383be       0x1c ./Generated_Code/Vectors.o
                              0x37d51 (size before relaxing)
 .debug_str     0x000383da      0x39d ./Generated_Code/heap_2.o
                              0x31a34 (size before relaxing)
 .debug_str     0x00038777      0x124 ./Generated_Code/list.o
                              0x311db (size before relaxing)
 .debug_str     0x0003889b      0x922 ./Generated_Code/port.o
                              0x30c9e (size before relaxing)
 .debug_str     0x000391bd     0x130a ./Generated_Code/tasks.o
                              0x34213 (size before relaxing)

.comment        0x00000000       0x70
 .comment       0x00000000       0x70 ./Sources/Events.o
                                 0x71 (size before relaxing)
 .comment       0x00000000       0x71 ./Sources/HMI.o
 .comment       0x00000000       0x71 ./Sources/frtos_tasks.o
 .comment       0x00000000       0x71 ./Sources/main.o
 .comment       0x00000000       0x71 ./Project_Settings/Startup_Code/startup.o
 .comment       0x00000000       0x71 ./Generated_Code/BitIoLdd1.o
 .comment       0x00000000       0x71 ./Generated_Code/BitIoLdd2.o
 .comment       0x00000000       0x71 ./Generated_Code/BitIoLdd3.o
 .comment       0x00000000       0x71 ./Generated_Code/Cpu.o
 .comment       0x00000000       0x71 ./Generated_Code/FRTOS1.o
 .comment       0x00000000       0x71 ./Generated_Code/PE_LDD.o
 .comment       0x00000000       0x71 ./Generated_Code/TSK1.o
 .comment       0x00000000       0x71 ./Generated_Code/Vectors.o
 .comment       0x00000000       0x71 ./Generated_Code/heap_2.o
 .comment       0x00000000       0x71 ./Generated_Code/list.o
 .comment       0x00000000       0x71 ./Generated_Code/port.o
 .comment       0x00000000       0x71 ./Generated_Code/tasks.o

.debug_frame    0x00000000     0x1030
 .debug_frame   0x00000000       0xa0 ./Sources/Events.o
 .debug_frame   0x000000a0       0x30 ./Sources/HMI.o
 .debug_frame   0x000000d0       0x50 ./Sources/frtos_tasks.o
 .debug_frame   0x00000120       0x2c ./Sources/main.o
 .debug_frame   0x0000014c       0xd0 ./Project_Settings/Startup_Code/startup.o
 .debug_frame   0x0000021c       0xd0 ./Generated_Code/BitIoLdd1.o
 .debug_frame   0x000002ec       0xd0 ./Generated_Code/BitIoLdd2.o
 .debug_frame   0x000003bc       0xd0 ./Generated_Code/BitIoLdd3.o
 .debug_frame   0x0000048c       0x80 ./Generated_Code/Cpu.o
 .debug_frame   0x0000050c       0x64 ./Generated_Code/FRTOS1.o
 .debug_frame   0x00000570       0x6c ./Generated_Code/PE_LDD.o
 .debug_frame   0x000005dc       0x2c ./Generated_Code/TSK1.o
 .debug_frame   0x00000608       0xa8 ./Generated_Code/heap_2.o
 .debug_frame   0x000006b0       0xb0 ./Generated_Code/list.o
 .debug_frame   0x00000760      0x1a4 ./Generated_Code/port.o
 .debug_frame   0x00000904      0x698 ./Generated_Code/tasks.o
 .debug_frame   0x00000f9c       0x28 /opt/Freescale/KDS_v3/toolchain/bin/../lib/gcc/arm-none-eabi/4.8.4/../../../../arm-none-eabi/lib/armv6-m/libg_s.a(lib_a-exit.o)
 .debug_frame   0x00000fc4       0x2c /opt/Freescale/KDS_v3/toolchain/bin/../lib/gcc/arm-none-eabi/4.8.4/../../../../arm-none-eabi/lib/armv6-m/libg_s.a(lib_a-init.o)
 .debug_frame   0x00000ff0       0x20 /opt/Freescale/KDS_v3/toolchain/bin/../lib/gcc/arm-none-eabi/4.8.4/../../../../arm-none-eabi/lib/armv6-m/libg_s.a(lib_a-memset.o)
 .debug_frame   0x00001010       0x20 /opt/Freescale/KDS_v3/toolchain/bin/../lib/gcc/arm-none-eabi/4.8.4/../../../../arm-none-eabi/lib/armv6-m/libnosys.a(_exit.o)
